Le fichier sp‚cifi‚ est introuvable.
Une erreur s'est produite lors du traitement deÿ: errors.txtnpm.
Le fichier sp‚cifi‚ est introuvable.
Une erreur s'est produite lors du traitement deÿ: run.
Le fichier sp‚cifi‚ est introuvable.
Une erreur s'est produite lors du traitement deÿ: build.
